// Jest Snapshot v1, https://goo.gl/fbAQLP

exports[`BalanceTableCard renders correctly 1`] = `
Object {
  "asFragment": [Function],
  "baseElement": <body>
    <div>
      <div
        class="MuiPaper-root MuiCard-root makeStyles-cardRoot-3 MuiPaper-elevation1 MuiPaper-rounded"
      >
        <div
          class="MuiCardContent-root makeStyles-content-4 makeStyles-contentWithoutPadding-1"
        >
          <div
            class="MuiBox-root MuiBox-root-17 makeStyles-headline-2 makeStyles-boxGap-13"
          >
            <div
              class="MuiBox-root MuiBox-root-18"
            >
              <h6
                class="MuiTypography-root MuiTypography-h6"
              >
                <div
                  class="MuiBox-root MuiBox-root-19"
                >
                  Asset Balances
                </div>
              </h6>
              <div
                class="MuiBox-root MuiBox-root-20 makeStyles-cardSubheading3-9"
              >
                Assets that are in your wallet
              </div>
            </div>
            <div
              class="MuiBox-root MuiBox-root-21"
            >
              <h6
                class="MuiTypography-root MuiTypography-h6"
              >
                <div
                  class="MuiBox-root MuiBox-root-22"
                >
                  $485,982.69
                </div>
              </h6>
              <div
                class="MuiBox-root MuiBox-root-23 makeStyles-cardSubheading3-9"
              >
                Your total asset holdings
              </div>
            </div>
          </div>
          <div
            class="MuiTableContainer-root"
          >
            <table
              aria-label="balance table"
              class="MuiTable-root makeStyles-table-24"
            >
              <thead
                class="MuiTableHead-root"
              >
                <tr
                  class="MuiTableRow-root makeStyles-tableHeadRow-25 MuiTableRow-head"
                >
                  <th
                    class="MuiTableCell-root MuiTableCell-head MuiTableCell-alignLeft"
                    scope="col"
                    value="Tokens"
                  >
                    <div
                      class="MuiBox-root MuiBox-root-31"
                    >
                      Tokens
                    </div>
                  </th>
                  <th
                    class="MuiTableCell-root MuiTableCell-head MuiTableCell-alignCenter"
                    scope="col"
                    value="Portfolio % Alloc."
                  >
                    <div
                      class="MuiBox-root MuiBox-root-32"
                    >
                      Portfolio % Alloc.
                    </div>
                  </th>
                  <th
                    class="MuiTableCell-root MuiTableCell-head MuiTableCell-alignRight"
                    scope="col"
                    value="Price"
                  >
                    <div
                      class="MuiBox-root MuiBox-root-33"
                    >
                      Price
                    </div>
                  </th>
                  <th
                    class="MuiTableCell-root MuiTableCell-head MuiTableCell-alignRight"
                    scope="col"
                    value="Balance"
                  >
                    <div
                      class="MuiBox-root MuiBox-root-34"
                    >
                      Balance
                    </div>
                  </th>
                </tr>
              </thead>
              <tbody
                class="MuiTableBody-root"
              >
                <tr
                  class="MuiTableRow-root makeStyles-tableBodyRow-26"
                >
                  <td
                    class="MuiTableCell-root MuiTableCell-body MuiTableCell-alignLeft"
                  >
                    <div
                      class="MuiBox-root MuiBox-root-35"
                    >
                      <div
                        class="MuiBox-root MuiBox-root-36 makeStyles-cellHeading-29"
                      >
                        BADGER
                      </div>
                      <div
                        class="MuiBox-root MuiBox-root-37 makeStyles-cellSubheading-30"
                      >
                        $9,049.19
                      </div>
                    </div>
                  </td>
                  <td
                    class="MuiTableCell-root MuiTableCell-body MuiTableCell-alignCenter"
                  >
                    <div
                      class="MuiBox-root MuiBox-root-38"
                    >
                      1.86%
                    </div>
                  </td>
                  <td
                    class="MuiTableCell-root MuiTableCell-body MuiTableCell-alignRight"
                  >
                    <div
                      class="MuiBox-root MuiBox-root-39"
                    >
                      <div
                        class="MuiBox-root MuiBox-root-40 makeStyles-cellHeading-29"
                      >
                        $7.54
                      </div>
                      <div
                        class="MuiBox-root MuiBox-root-41 makeStyles-cellSubheading-30"
                      >
                        0 BTC
                      </div>
                    </div>
                  </td>
                  <td
                    class="MuiTableCell-root MuiTableCell-body MuiTableCell-alignRight"
                  >
                    <div
                      class="MuiBox-root MuiBox-root-42"
                    >
                      <div
                        class="MuiBox-root MuiBox-root-43 makeStyles-cellHeading-29"
                      >
                        $1,200.16
                      </div>
                      <div
                        class="MuiBox-root MuiBox-root-44 makeStyles-cellSubheading-30"
                      >
                        $9,049.19
                      </div>
                    </div>
                  </td>
                </tr>
                <tr
                  class="MuiTableRow-root makeStyles-tableBodyRow-26"
                >
                  <td
                    class="MuiTableCell-root MuiTableCell-body MuiTableCell-alignLeft"
                  >
                    <div
                      class="MuiBox-root MuiBox-root-45"
                    >
                      <div
                        class="MuiBox-root MuiBox-root-46 makeStyles-cellHeading-29"
                      >
                        cvxCRV
                      </div>
                      <div
                        class="MuiBox-root MuiBox-root-47 makeStyles-cellSubheading-30"
                      >
                        $551.98
                      </div>
                    </div>
                  </td>
                  <td
                    class="MuiTableCell-root MuiTableCell-body MuiTableCell-alignCenter"
                  >
                    <div
                      class="MuiBox-root MuiBox-root-48"
                    >
                      0.11%
                    </div>
                  </td>
                  <td
                    class="MuiTableCell-root MuiTableCell-body MuiTableCell-alignRight"
                  >
                    <div
                      class="MuiBox-root MuiBox-root-49"
                    >
                      <div
                        class="MuiBox-root MuiBox-root-50 makeStyles-cellHeading-29"
                      >
                        $1.31
                      </div>
                      <div
                        class="MuiBox-root MuiBox-root-51 makeStyles-cellSubheading-30"
                      >
                        0 BTC
                      </div>
                    </div>
                  </td>
                  <td
                    class="MuiTableCell-root MuiTableCell-body MuiTableCell-alignRight"
                  >
                    <div
                      class="MuiBox-root MuiBox-root-52"
                    >
                      <div
                        class="MuiBox-root MuiBox-root-53 makeStyles-cellHeading-29"
                      >
                        $421.36
                      </div>
                      <div
                        class="MuiBox-root MuiBox-root-54 makeStyles-cellSubheading-30"
                      >
                        $551.98
                      </div>
                    </div>
                  </td>
                </tr>
                <tr
                  class="MuiTableRow-root makeStyles-tableBodyRow-26"
                >
                  <td
                    class="MuiTableCell-root MuiTableCell-body MuiTableCell-alignLeft"
                  >
                    <div
                      class="MuiBox-root MuiBox-root-55"
                    >
                      <div
                        class="MuiBox-root MuiBox-root-56 makeStyles-cellHeading-29"
                      >
                        WBTC
                      </div>
                      <div
                        class="MuiBox-root MuiBox-root-57 makeStyles-cellSubheading-30"
                      >
                        $17,441.39
                      </div>
                    </div>
                  </td>
                  <td
                    class="MuiTableCell-root MuiTableCell-body MuiTableCell-alignCenter"
                  >
                    <div
                      class="MuiBox-root MuiBox-root-58"
                    >
                      3.59%
                    </div>
                  </td>
                  <td
                    class="MuiTableCell-root MuiTableCell-body MuiTableCell-alignRight"
                  >
                    <div
                      class="MuiBox-root MuiBox-root-59"
                    >
                      <div
                        class="MuiBox-root MuiBox-root-60 makeStyles-cellHeading-29"
                      >
                        $31,434.00
                      </div>
                      <div
                        class="MuiBox-root MuiBox-root-61 makeStyles-cellSubheading-30"
                      >
                        0 BTC
                      </div>
                    </div>
                  </td>
                  <td
                    class="MuiTableCell-root MuiTableCell-body MuiTableCell-alignRight"
                  >
                    <div
                      class="MuiBox-root MuiBox-root-62"
                    >
                      <div
                        class="MuiBox-root MuiBox-root-63 makeStyles-cellHeading-29"
                      >
                        $0.55
                      </div>
                      <div
                        class="MuiBox-root MuiBox-root-64 makeStyles-cellSubheading-30"
                      >
                        $17,441.39
                      </div>
                    </div>
                  </td>
                </tr>
                <tr
                  class="MuiTableRow-root makeStyles-tableBodyRow-26"
                >
                  <td
                    class="MuiTableCell-root MuiTableCell-body MuiTableCell-alignLeft"
                  >
                    <div
                      class="MuiBox-root MuiBox-root-65"
                    >
                      <div
                        class="MuiBox-root MuiBox-root-66 makeStyles-cellHeading-29"
                      >
                        CVX
                      </div>
                      <div
                        class="MuiBox-root MuiBox-root-67 makeStyles-cellSubheading-30"
                      >
                        $422.63
                      </div>
                    </div>
                  </td>
                  <td
                    class="MuiTableCell-root MuiTableCell-body MuiTableCell-alignCenter"
                  >
                    <div
                      class="MuiBox-root MuiBox-root-68"
                    >
                      0.09%
                    </div>
                  </td>
                  <td
                    class="MuiTableCell-root MuiTableCell-body MuiTableCell-alignRight"
                  >
                    <div
                      class="MuiBox-root MuiBox-root-69"
                    >
                      <div
                        class="MuiBox-root MuiBox-root-70 makeStyles-cellHeading-29"
                      >
                        $2.23
                      </div>
                      <div
                        class="MuiBox-root MuiBox-root-71 makeStyles-cellSubheading-30"
                      >
                        0 BTC
                      </div>
                    </div>
                  </td>
                  <td
                    class="MuiTableCell-root MuiTableCell-body MuiTableCell-alignRight"
                  >
                    <div
                      class="MuiBox-root MuiBox-root-72"
                    >
                      <div
                        class="MuiBox-root MuiBox-root-73 makeStyles-cellHeading-29"
                      >
                        $189.52
                      </div>
                      <div
                        class="MuiBox-root MuiBox-root-74 makeStyles-cellSubheading-30"
                      >
                        $422.63
                      </div>
                    </div>
                  </td>
                </tr>
                <tr
                  class="MuiTableRow-root makeStyles-tableBodyRow-26"
                >
                  <td
                    class="MuiTableCell-root MuiTableCell-body MuiTableCell-alignLeft"
                  >
                    <div
                      class="MuiBox-root MuiBox-root-75"
                    >
                      <div
                        class="MuiBox-root MuiBox-root-76 makeStyles-cellHeading-29"
                      >
                        crvpBTC
                      </div>
                      <div
                        class="MuiBox-root MuiBox-root-77 makeStyles-cellSubheading-30"
                      >
                        $63,610.74
                      </div>
                    </div>
                  </td>
                  <td
                    class="MuiTableCell-root MuiTableCell-body MuiTableCell-alignCenter"
                  >
                    <div
                      class="MuiBox-root MuiBox-root-78"
                    >
                      13.09%
                    </div>
                  </td>
                  <td
                    class="MuiTableCell-root MuiTableCell-body MuiTableCell-alignRight"
                  >
                    <div
                      class="MuiBox-root MuiBox-root-79"
                    >
                      <div
                        class="MuiBox-root MuiBox-root-80 makeStyles-cellHeading-29"
                      >
                        $31,988.18
                      </div>
                      <div
                        class="MuiBox-root MuiBox-root-81 makeStyles-cellSubheading-30"
                      >
                        0 BTC
                      </div>
                    </div>
                  </td>
                  <td
                    class="MuiTableCell-root MuiTableCell-body MuiTableCell-alignRight"
                  >
                    <div
                      class="MuiBox-root MuiBox-root-82"
                    >
                      <div
                        class="MuiBox-root MuiBox-root-83 makeStyles-cellHeading-29"
                      >
                        $1.99
                      </div>
                      <div
                        class="MuiBox-root MuiBox-root-84 makeStyles-cellSubheading-30"
                      >
                        $63,610.74
                      </div>
                    </div>
                  </td>
                </tr>
                <tr
                  class="MuiTableRow-root makeStyles-tableBodyRow-26"
                >
                  <td
                    class="MuiTableCell-root MuiTableCell-body MuiTableCell-alignLeft"
                  >
                    <div
                      class="MuiBox-root MuiBox-root-85"
                    >
                      <div
                        class="MuiBox-root MuiBox-root-86 makeStyles-cellHeading-29"
                      >
                        SLP-WBTC-ETH
                      </div>
                      <div
                        class="MuiBox-root MuiBox-root-87 makeStyles-cellSubheading-30"
                      >
                        $0.00
                      </div>
                    </div>
                  </td>
                  <td
                    class="MuiTableCell-root MuiTableCell-body MuiTableCell-alignCenter"
                  >
                    <div
                      class="MuiBox-root MuiBox-root-88"
                    >
                      0%
                    </div>
                  </td>
                  <td
                    class="MuiTableCell-root MuiTableCell-body MuiTableCell-alignRight"
                  >
                    <div
                      class="MuiBox-root MuiBox-root-89"
                    >
                      <div
                        class="MuiBox-root MuiBox-root-90 makeStyles-cellHeading-29"
                      >
                        $0.00
                      </div>
                      <div
                        class="MuiBox-root MuiBox-root-91 makeStyles-cellSubheading-30"
                      >
                        0 BTC
                      </div>
                    </div>
                  </td>
                  <td
                    class="MuiTableCell-root MuiTableCell-body MuiTableCell-alignRight"
                  >
                    <div
                      class="MuiBox-root MuiBox-root-92"
                    >
                      <div
                        class="MuiBox-root MuiBox-root-93 makeStyles-cellHeading-29"
                      >
                        $0.00
                      </div>
                      <div
                        class="MuiBox-root MuiBox-root-94 makeStyles-cellSubheading-30"
                      >
                        $0.00
                      </div>
                    </div>
                  </td>
                </tr>
                <tr
                  class="MuiTableRow-root makeStyles-tableBodyRow-26"
                >
                  <td
                    class="MuiTableCell-root MuiTableCell-body MuiTableCell-alignLeft"
                  >
                    <div
                      class="MuiBox-root MuiBox-root-95"
                    >
                      <div
                        class="MuiBox-root MuiBox-root-96 makeStyles-cellHeading-29"
                      >
                        DIGG
                      </div>
                      <div
                        class="MuiBox-root MuiBox-root-97 makeStyles-cellSubheading-30"
                      >
                        $1,416.64
                      </div>
                    </div>
                  </td>
                  <td
                    class="MuiTableCell-root MuiTableCell-body MuiTableCell-alignCenter"
                  >
                    <div
                      class="MuiBox-root MuiBox-root-98"
                    >
                      0.29%
                    </div>
                  </td>
                  <td
                    class="MuiTableCell-root MuiTableCell-body MuiTableCell-alignRight"
                  >
                    <div
                      class="MuiBox-root MuiBox-root-99"
                    >
                      <div
                        class="MuiBox-root MuiBox-root-100 makeStyles-cellHeading-29"
                      >
                        $32,744.40
                      </div>
                      <div
                        class="MuiBox-root MuiBox-root-101 makeStyles-cellSubheading-30"
                      >
                        0 BTC
                      </div>
                    </div>
                  </td>
                  <td
                    class="MuiTableCell-root MuiTableCell-body MuiTableCell-alignRight"
                  >
                    <div
                      class="MuiBox-root MuiBox-root-102"
                    >
                      <div
                        class="MuiBox-root MuiBox-root-103 makeStyles-cellHeading-29"
                      >
                        $0.04
                      </div>
                      <div
                        class="MuiBox-root MuiBox-root-104 makeStyles-cellSubheading-30"
                      >
                        $1,416.64
                      </div>
                    </div>
                  </td>
                </tr>
                <tr
                  class="MuiTableRow-root makeStyles-tableBodyRow-26"
                >
                  <td
                    class="MuiTableCell-root MuiTableCell-body MuiTableCell-alignLeft"
                  >
                    <div
                      class="MuiBox-root MuiBox-root-105"
                    >
                      <div
                        class="MuiBox-root MuiBox-root-106 makeStyles-cellHeading-29"
                      >
                        SLP-DIGG-WBTC
                      </div>
                      <div
                        class="MuiBox-root MuiBox-root-107 makeStyles-cellSubheading-30"
                      >
                        $0.00
                      </div>
                    </div>
                  </td>
                  <td
                    class="MuiTableCell-root MuiTableCell-body MuiTableCell-alignCenter"
                  >
                    <div
                      class="MuiBox-root MuiBox-root-108"
                    >
                      0%
                    </div>
                  </td>
                  <td
                    class="MuiTableCell-root MuiTableCell-body MuiTableCell-alignRight"
                  >
                    <div
                      class="MuiBox-root MuiBox-root-109"
                    >
                      <div
                        class="MuiBox-root MuiBox-root-110 makeStyles-cellHeading-29"
                      >
                        $0.00
                      </div>
                      <div
                        class="MuiBox-root MuiBox-root-111 makeStyles-cellSubheading-30"
                      >
                        0 BTC
                      </div>
                    </div>
                  </td>
                  <td
                    class="MuiTableCell-root MuiTableCell-body MuiTableCell-alignRight"
                  >
                    <div
                      class="MuiBox-root MuiBox-root-112"
                    >
                      <div
                        class="MuiBox-root MuiBox-root-113 makeStyles-cellHeading-29"
                      >
                        $0.00
                      </div>
                      <div
                        class="MuiBox-root MuiBox-root-114 makeStyles-cellSubheading-30"
                      >
                        $0.00
                      </div>
                    </div>
                  </td>
                </tr>
                <tr
                  class="MuiTableRow-root makeStyles-tableBodyRow-26"
                >
                  <td
                    class="MuiTableCell-root MuiTableCell-body MuiTableCell-alignLeft"
                  >
                    <div
                      class="MuiBox-root MuiBox-root-115"
                    >
                      <div
                        class="MuiBox-root MuiBox-root-116 makeStyles-cellHeading-29"
                      >
                        SLP-IBBTC-WBTC
                      </div>
                      <div
                        class="MuiBox-root MuiBox-root-117 makeStyles-cellSubheading-30"
                      >
                        $0.00
                      </div>
                    </div>
                  </td>
                  <td
                    class="MuiTableCell-root MuiTableCell-body MuiTableCell-alignCenter"
                  >
                    <div
                      class="MuiBox-root MuiBox-root-118"
                    >
                      0%
                    </div>
                  </td>
                  <td
                    class="MuiTableCell-root MuiTableCell-body MuiTableCell-alignRight"
                  >
                    <div
                      class="MuiBox-root MuiBox-root-119"
                    >
                      <div
                        class="MuiBox-root MuiBox-root-120 makeStyles-cellHeading-29"
                      >
                        $0.00
                      </div>
                      <div
                        class="MuiBox-root MuiBox-root-121 makeStyles-cellSubheading-30"
                      >
                        0 BTC
                      </div>
                    </div>
                  </td>
                  <td
                    class="MuiTableCell-root MuiTableCell-body MuiTableCell-alignRight"
                  >
                    <div
                      class="MuiBox-root MuiBox-root-122"
                    >
                      <div
                        class="MuiBox-root MuiBox-root-123 makeStyles-cellHeading-29"
                      >
                        $0.00
                      </div>
                      <div
                        class="MuiBox-root MuiBox-root-124 makeStyles-cellSubheading-30"
                      >
                        $0.00
                      </div>
                    </div>
                  </td>
                </tr>
                <tr
                  class="MuiTableRow-root makeStyles-tableBodyRow-26"
                >
                  <td
                    class="MuiTableCell-root MuiTableCell-body MuiTableCell-alignLeft"
                  >
                    <div
                      class="MuiBox-root MuiBox-root-125"
                    >
                      <div
                        class="MuiBox-root MuiBox-root-126 makeStyles-cellHeading-29"
                      >
                        crvhBTC
                      </div>
                      <div
                        class="MuiBox-root MuiBox-root-127 makeStyles-cellSubheading-30"
                      >
                        $63,348.21
                      </div>
                    </div>
                  </td>
                  <td
                    class="MuiTableCell-root MuiTableCell-body MuiTableCell-alignCenter"
                  >
                    <div
                      class="MuiBox-root MuiBox-root-128"
                    >
                      13.04%
                    </div>
                  </td>
                  <td
                    class="MuiTableCell-root MuiTableCell-body MuiTableCell-alignRight"
                  >
                    <div
                      class="MuiBox-root MuiBox-root-129"
                    >
                      <div
                        class="MuiBox-root MuiBox-root-130 makeStyles-cellHeading-29"
                      >
                        $31,880.01
                      </div>
                      <div
                        class="MuiBox-root MuiBox-root-131 makeStyles-cellSubheading-30"
                      >
                        0 BTC
                      </div>
                    </div>
                  </td>
                  <td
                    class="MuiTableCell-root MuiTableCell-body MuiTableCell-alignRight"
                  >
                    <div
                      class="MuiBox-root MuiBox-root-132"
                    >
                      <div
                        class="MuiBox-root MuiBox-root-133 makeStyles-cellHeading-29"
                      >
                        $1.99
                      </div>
                      <div
                        class="MuiBox-root MuiBox-root-134 makeStyles-cellSubheading-30"
                      >
                        $63,348.21
                      </div>
                    </div>
                  </td>
                </tr>
                <tr
                  class="MuiTableRow-root makeStyles-tableBodyRow-26"
                >
                  <td
                    class="MuiTableCell-root MuiTableCell-body MuiTableCell-alignLeft"
                  >
                    <div
                      class="MuiBox-root MuiBox-root-135"
                    >
                      <div
                        class="MuiBox-root MuiBox-root-136 makeStyles-cellHeading-29"
                      >
                        crvtBTC
                      </div>
                      <div
                        class="MuiBox-root MuiBox-root-137 makeStyles-cellSubheading-30"
                      >
                        $0.00
                      </div>
                    </div>
                  </td>
                  <td
                    class="MuiTableCell-root MuiTableCell-body MuiTableCell-alignCenter"
                  >
                    <div
                      class="MuiBox-root MuiBox-root-138"
                    >
                      0%
                    </div>
                  </td>
                  <td
                    class="MuiTableCell-root MuiTableCell-body MuiTableCell-alignRight"
                  >
                    <div
                      class="MuiBox-root MuiBox-root-139"
                    >
                      <div
                        class="MuiBox-root MuiBox-root-140 makeStyles-cellHeading-29"
                      >
                        $0.00
                      </div>
                      <div
                        class="MuiBox-root MuiBox-root-141 makeStyles-cellSubheading-30"
                      >
                        0 BTC
                      </div>
                    </div>
                  </td>
                  <td
                    class="MuiTableCell-root MuiTableCell-body MuiTableCell-alignRight"
                  >
                    <div
                      class="MuiBox-root MuiBox-root-142"
                    >
                      <div
                        class="MuiBox-root MuiBox-root-143 makeStyles-cellHeading-29"
                      >
                        $0.00
                      </div>
                      <div
                        class="MuiBox-root MuiBox-root-144 makeStyles-cellSubheading-30"
                      >
                        $0.00
                      </div>
                    </div>
                  </td>
                </tr>
                <tr
                  class="MuiTableRow-root makeStyles-tableBodyRow-26"
                >
                  <td
                    class="MuiTableCell-root MuiTableCell-body MuiTableCell-alignLeft"
                  >
                    <div
                      class="MuiBox-root MuiBox-root-145"
                    >
                      <div
                        class="MuiBox-root MuiBox-root-146 makeStyles-cellHeading-29"
                      >
                        crvTricrypto
                      </div>
                      <div
                        class="MuiBox-root MuiBox-root-147 makeStyles-cellSubheading-30"
                      >
                        $330,141.91
                      </div>
                    </div>
                  </td>
                  <td
                    class="MuiTableCell-root MuiTableCell-body MuiTableCell-alignCenter"
                  >
                    <div
                      class="MuiBox-root MuiBox-root-148"
                    >
                      67.93%
                    </div>
                  </td>
                  <td
                    class="MuiTableCell-root MuiTableCell-body MuiTableCell-alignRight"
                  >
                    <div
                      class="MuiBox-root MuiBox-root-149"
                    >
                      <div
                        class="MuiBox-root MuiBox-root-150 makeStyles-cellHeading-29"
                      >
                        $1,183.03
                      </div>
                      <div
                        class="MuiBox-root MuiBox-root-151 makeStyles-cellSubheading-30"
                      >
                        0 BTC
                      </div>
                    </div>
                  </td>
                  <td
                    class="MuiTableCell-root MuiTableCell-body MuiTableCell-alignRight"
                  >
                    <div
                      class="MuiBox-root MuiBox-root-152"
                    >
                      <div
                        class="MuiBox-root MuiBox-root-153 makeStyles-cellHeading-29"
                      >
                        $279.06
                      </div>
                      <div
                        class="MuiBox-root MuiBox-root-154 makeStyles-cellSubheading-30"
                      >
                        $330,141.91
                      </div>
                    </div>
                  </td>
                </tr>
                <tr
                  class="MuiTableRow-root makeStyles-tableBodyRow-26"
                >
                  <td
                    class="MuiTableCell-root MuiTableCell-body MuiTableCell-alignLeft"
                  >
                    <div
                      class="MuiBox-root MuiBox-root-155"
                    >
                      <div
                        class="MuiBox-root MuiBox-root-156 makeStyles-cellHeading-29"
                      >
                        crvsBTC
                      </div>
                      <div
                        class="MuiBox-root MuiBox-root-157 makeStyles-cellSubheading-30"
                      >
                        $0.00
                      </div>
                    </div>
                  </td>
                  <td
                    class="MuiTableCell-root MuiTableCell-body MuiTableCell-alignCenter"
                  >
                    <div
                      class="MuiBox-root MuiBox-root-158"
                    >
                      0%
                    </div>
                  </td>
                  <td
                    class="MuiTableCell-root MuiTableCell-body MuiTableCell-alignRight"
                  >
                    <div
                      class="MuiBox-root MuiBox-root-159"
                    >
                      <div
                        class="MuiBox-root MuiBox-root-160 makeStyles-cellHeading-29"
                      >
                        $0.00
                      </div>
                      <div
                        class="MuiBox-root MuiBox-root-161 makeStyles-cellSubheading-30"
                      >
                        0 BTC
                      </div>
                    </div>
                  </td>
                  <td
                    class="MuiTableCell-root MuiTableCell-body MuiTableCell-alignRight"
                  >
                    <div
                      class="MuiBox-root MuiBox-root-162"
                    >
                      <div
                        class="MuiBox-root MuiBox-root-163 makeStyles-cellHeading-29"
                      >
                        $0.00
                      </div>
                      <div
                        class="MuiBox-root MuiBox-root-164 makeStyles-cellSubheading-30"
                      >
                        $0.00
                      </div>
                    </div>
                  </td>
                </tr>
              </tbody>
            </table>
          </div>
        </div>
      </div>
    </div>
  </body>,
  "container": <div>
    <div
      class="MuiPaper-root MuiCard-root makeStyles-cardRoot-3 MuiPaper-elevation1 MuiPaper-rounded"
    >
      <div
        class="MuiCardContent-root makeStyles-content-4 makeStyles-contentWithoutPadding-1"
      >
        <div
          class="MuiBox-root MuiBox-root-17 makeStyles-headline-2 makeStyles-boxGap-13"
        >
          <div
            class="MuiBox-root MuiBox-root-18"
          >
            <h6
              class="MuiTypography-root MuiTypography-h6"
            >
              <div
                class="MuiBox-root MuiBox-root-19"
              >
                Asset Balances
              </div>
            </h6>
            <div
              class="MuiBox-root MuiBox-root-20 makeStyles-cardSubheading3-9"
            >
              Assets that are in your wallet
            </div>
          </div>
          <div
            class="MuiBox-root MuiBox-root-21"
          >
            <h6
              class="MuiTypography-root MuiTypography-h6"
            >
              <div
                class="MuiBox-root MuiBox-root-22"
              >
                $485,982.69
              </div>
            </h6>
            <div
              class="MuiBox-root MuiBox-root-23 makeStyles-cardSubheading3-9"
            >
              Your total asset holdings
            </div>
          </div>
        </div>
        <div
          class="MuiTableContainer-root"
        >
          <table
            aria-label="balance table"
            class="MuiTable-root makeStyles-table-24"
          >
            <thead
              class="MuiTableHead-root"
            >
              <tr
                class="MuiTableRow-root makeStyles-tableHeadRow-25 MuiTableRow-head"
              >
                <th
                  class="MuiTableCell-root MuiTableCell-head MuiTableCell-alignLeft"
                  scope="col"
                  value="Tokens"
                >
                  <div
                    class="MuiBox-root MuiBox-root-31"
                  >
                    Tokens
                  </div>
                </th>
                <th
                  class="MuiTableCell-root MuiTableCell-head MuiTableCell-alignCenter"
                  scope="col"
                  value="Portfolio % Alloc."
                >
                  <div
                    class="MuiBox-root MuiBox-root-32"
                  >
                    Portfolio % Alloc.
                  </div>
                </th>
                <th
                  class="MuiTableCell-root MuiTableCell-head MuiTableCell-alignRight"
                  scope="col"
                  value="Price"
                >
                  <div
                    class="MuiBox-root MuiBox-root-33"
                  >
                    Price
                  </div>
                </th>
                <th
                  class="MuiTableCell-root MuiTableCell-head MuiTableCell-alignRight"
                  scope="col"
                  value="Balance"
                >
                  <div
                    class="MuiBox-root MuiBox-root-34"
                  >
                    Balance
                  </div>
                </th>
              </tr>
            </thead>
            <tbody
              class="MuiTableBody-root"
            >
              <tr
                class="MuiTableRow-root makeStyles-tableBodyRow-26"
              >
                <td
                  class="MuiTableCell-root MuiTableCell-body MuiTableCell-alignLeft"
                >
                  <div
                    class="MuiBox-root MuiBox-root-35"
                  >
                    <div
                      class="MuiBox-root MuiBox-root-36 makeStyles-cellHeading-29"
                    >
                      BADGER
                    </div>
                    <div
                      class="MuiBox-root MuiBox-root-37 makeStyles-cellSubheading-30"
                    >
                      $9,049.19
                    </div>
                  </div>
                </td>
                <td
                  class="MuiTableCell-root MuiTableCell-body MuiTableCell-alignCenter"
                >
                  <div
                    class="MuiBox-root MuiBox-root-38"
                  >
                    1.86%
                  </div>
                </td>
                <td
                  class="MuiTableCell-root MuiTableCell-body MuiTableCell-alignRight"
                >
                  <div
                    class="MuiBox-root MuiBox-root-39"
                  >
                    <div
                      class="MuiBox-root MuiBox-root-40 makeStyles-cellHeading-29"
                    >
                      $7.54
                    </div>
                    <div
                      class="MuiBox-root MuiBox-root-41 makeStyles-cellSubheading-30"
                    >
                      0 BTC
                    </div>
                  </div>
                </td>
                <td
                  class="MuiTableCell-root MuiTableCell-body MuiTableCell-alignRight"
                >
                  <div
                    class="MuiBox-root MuiBox-root-42"
                  >
                    <div
                      class="MuiBox-root MuiBox-root-43 makeStyles-cellHeading-29"
                    >
                      $1,200.16
                    </div>
                    <div
                      class="MuiBox-root MuiBox-root-44 makeStyles-cellSubheading-30"
                    >
                      $9,049.19
                    </div>
                  </div>
                </td>
              </tr>
              <tr
                class="MuiTableRow-root makeStyles-tableBodyRow-26"
              >
                <td
                  class="MuiTableCell-root MuiTableCell-body MuiTableCell-alignLeft"
                >
                  <div
                    class="MuiBox-root MuiBox-root-45"
                  >
                    <div
                      class="MuiBox-root MuiBox-root-46 makeStyles-cellHeading-29"
                    >
                      cvxCRV
                    </div>
                    <div
                      class="MuiBox-root MuiBox-root-47 makeStyles-cellSubheading-30"
                    >
                      $551.98
                    </div>
                  </div>
                </td>
                <td
                  class="MuiTableCell-root MuiTableCell-body MuiTableCell-alignCenter"
                >
                  <div
                    class="MuiBox-root MuiBox-root-48"
                  >
                    0.11%
                  </div>
                </td>
                <td
                  class="MuiTableCell-root MuiTableCell-body MuiTableCell-alignRight"
                >
                  <div
                    class="MuiBox-root MuiBox-root-49"
                  >
                    <div
                      class="MuiBox-root MuiBox-root-50 makeStyles-cellHeading-29"
                    >
                      $1.31
                    </div>
                    <div
                      class="MuiBox-root MuiBox-root-51 makeStyles-cellSubheading-30"
                    >
                      0 BTC
                    </div>
                  </div>
                </td>
                <td
                  class="MuiTableCell-root MuiTableCell-body MuiTableCell-alignRight"
                >
                  <div
                    class="MuiBox-root MuiBox-root-52"
                  >
                    <div
                      class="MuiBox-root MuiBox-root-53 makeStyles-cellHeading-29"
                    >
                      $421.36
                    </div>
                    <div
                      class="MuiBox-root MuiBox-root-54 makeStyles-cellSubheading-30"
                    >
                      $551.98
                    </div>
                  </div>
                </td>
              </tr>
              <tr
                class="MuiTableRow-root makeStyles-tableBodyRow-26"
              >
                <td
                  class="MuiTableCell-root MuiTableCell-body MuiTableCell-alignLeft"
                >
                  <div
                    class="MuiBox-root MuiBox-root-55"
                  >
                    <div
                      class="MuiBox-root MuiBox-root-56 makeStyles-cellHeading-29"
                    >
                      WBTC
                    </div>
                    <div
                      class="MuiBox-root MuiBox-root-57 makeStyles-cellSubheading-30"
                    >
                      $17,441.39
                    </div>
                  </div>
                </td>
                <td
                  class="MuiTableCell-root MuiTableCell-body MuiTableCell-alignCenter"
                >
                  <div
                    class="MuiBox-root MuiBox-root-58"
                  >
                    3.59%
                  </div>
                </td>
                <td
                  class="MuiTableCell-root MuiTableCell-body MuiTableCell-alignRight"
                >
                  <div
                    class="MuiBox-root MuiBox-root-59"
                  >
                    <div
                      class="MuiBox-root MuiBox-root-60 makeStyles-cellHeading-29"
                    >
                      $31,434.00
                    </div>
                    <div
                      class="MuiBox-root MuiBox-root-61 makeStyles-cellSubheading-30"
                    >
                      0 BTC
                    </div>
                  </div>
                </td>
                <td
                  class="MuiTableCell-root MuiTableCell-body MuiTableCell-alignRight"
                >
                  <div
                    class="MuiBox-root MuiBox-root-62"
                  >
                    <div
                      class="MuiBox-root MuiBox-root-63 makeStyles-cellHeading-29"
                    >
                      $0.55
                    </div>
                    <div
                      class="MuiBox-root MuiBox-root-64 makeStyles-cellSubheading-30"
                    >
                      $17,441.39
                    </div>
                  </div>
                </td>
              </tr>
              <tr
                class="MuiTableRow-root makeStyles-tableBodyRow-26"
              >
                <td
                  class="MuiTableCell-root MuiTableCell-body MuiTableCell-alignLeft"
                >
                  <div
                    class="MuiBox-root MuiBox-root-65"
                  >
                    <div
                      class="MuiBox-root MuiBox-root-66 makeStyles-cellHeading-29"
                    >
                      CVX
                    </div>
                    <div
                      class="MuiBox-root MuiBox-root-67 makeStyles-cellSubheading-30"
                    >
                      $422.63
                    </div>
                  </div>
                </td>
                <td
                  class="MuiTableCell-root MuiTableCell-body MuiTableCell-alignCenter"
                >
                  <div
                    class="MuiBox-root MuiBox-root-68"
                  >
                    0.09%
                  </div>
                </td>
                <td
                  class="MuiTableCell-root MuiTableCell-body MuiTableCell-alignRight"
                >
                  <div
                    class="MuiBox-root MuiBox-root-69"
                  >
                    <div
                      class="MuiBox-root MuiBox-root-70 makeStyles-cellHeading-29"
                    >
                      $2.23
                    </div>
                    <div
                      class="MuiBox-root MuiBox-root-71 makeStyles-cellSubheading-30"
                    >
                      0 BTC
                    </div>
                  </div>
                </td>
                <td
                  class="MuiTableCell-root MuiTableCell-body MuiTableCell-alignRight"
                >
                  <div
                    class="MuiBox-root MuiBox-root-72"
                  >
                    <div
                      class="MuiBox-root MuiBox-root-73 makeStyles-cellHeading-29"
                    >
                      $189.52
                    </div>
                    <div
                      class="MuiBox-root MuiBox-root-74 makeStyles-cellSubheading-30"
                    >
                      $422.63
                    </div>
                  </div>
                </td>
              </tr>
              <tr
                class="MuiTableRow-root makeStyles-tableBodyRow-26"
              >
                <td
                  class="MuiTableCell-root MuiTableCell-body MuiTableCell-alignLeft"
                >
                  <div
                    class="MuiBox-root MuiBox-root-75"
                  >
                    <div
                      class="MuiBox-root MuiBox-root-76 makeStyles-cellHeading-29"
                    >
                      crvpBTC
                    </div>
                    <div
                      class="MuiBox-root MuiBox-root-77 makeStyles-cellSubheading-30"
                    >
                      $63,610.74
                    </div>
                  </div>
                </td>
                <td
                  class="MuiTableCell-root MuiTableCell-body MuiTableCell-alignCenter"
                >
                  <div
                    class="MuiBox-root MuiBox-root-78"
                  >
                    13.09%
                  </div>
                </td>
                <td
                  class="MuiTableCell-root MuiTableCell-body MuiTableCell-alignRight"
                >
                  <div
                    class="MuiBox-root MuiBox-root-79"
                  >
                    <div
                      class="MuiBox-root MuiBox-root-80 makeStyles-cellHeading-29"
                    >
                      $31,988.18
                    </div>
                    <div
                      class="MuiBox-root MuiBox-root-81 makeStyles-cellSubheading-30"
                    >
                      0 BTC
                    </div>
                  </div>
                </td>
                <td
                  class="MuiTableCell-root MuiTableCell-body MuiTableCell-alignRight"
                >
                  <div
                    class="MuiBox-root MuiBox-root-82"
                  >
                    <div
                      class="MuiBox-root MuiBox-root-83 makeStyles-cellHeading-29"
                    >
                      $1.99
                    </div>
                    <div
                      class="MuiBox-root MuiBox-root-84 makeStyles-cellSubheading-30"
                    >
                      $63,610.74
                    </div>
                  </div>
                </td>
              </tr>
              <tr
                class="MuiTableRow-root makeStyles-tableBodyRow-26"
              >
                <td
                  class="MuiTableCell-root MuiTableCell-body MuiTableCell-alignLeft"
                >
                  <div
                    class="MuiBox-root MuiBox-root-85"
                  >
                    <div
                      class="MuiBox-root MuiBox-root-86 makeStyles-cellHeading-29"
                    >
                      SLP-WBTC-ETH
                    </div>
                    <div
                      class="MuiBox-root MuiBox-root-87 makeStyles-cellSubheading-30"
                    >
                      $0.00
                    </div>
                  </div>
                </td>
                <td
                  class="MuiTableCell-root MuiTableCell-body MuiTableCell-alignCenter"
                >
                  <div
                    class="MuiBox-root MuiBox-root-88"
                  >
                    0%
                  </div>
                </td>
                <td
                  class="MuiTableCell-root MuiTableCell-body MuiTableCell-alignRight"
                >
                  <div
                    class="MuiBox-root MuiBox-root-89"
                  >
                    <div
                      class="MuiBox-root MuiBox-root-90 makeStyles-cellHeading-29"
                    >
                      $0.00
                    </div>
                    <div
                      class="MuiBox-root MuiBox-root-91 makeStyles-cellSubheading-30"
                    >
                      0 BTC
                    </div>
                  </div>
                </td>
                <td
                  class="MuiTableCell-root MuiTableCell-body MuiTableCell-alignRight"
                >
                  <div
                    class="MuiBox-root MuiBox-root-92"
                  >
                    <div
                      class="MuiBox-root MuiBox-root-93 makeStyles-cellHeading-29"
                    >
                      $0.00
                    </div>
                    <div
                      class="MuiBox-root MuiBox-root-94 makeStyles-cellSubheading-30"
                    >
                      $0.00
                    </div>
                  </div>
                </td>
              </tr>
              <tr
                class="MuiTableRow-root makeStyles-tableBodyRow-26"
              >
                <td
                  class="MuiTableCell-root MuiTableCell-body MuiTableCell-alignLeft"
                >
                  <div
                    class="MuiBox-root MuiBox-root-95"
                  >
                    <div
                      class="MuiBox-root MuiBox-root-96 makeStyles-cellHeading-29"
                    >
                      DIGG
                    </div>
                    <div
                      class="MuiBox-root MuiBox-root-97 makeStyles-cellSubheading-30"
                    >
                      $1,416.64
                    </div>
                  </div>
                </td>
                <td
                  class="MuiTableCell-root MuiTableCell-body MuiTableCell-alignCenter"
                >
                  <div
                    class="MuiBox-root MuiBox-root-98"
                  >
                    0.29%
                  </div>
                </td>
                <td
                  class="MuiTableCell-root MuiTableCell-body MuiTableCell-alignRight"
                >
                  <div
                    class="MuiBox-root MuiBox-root-99"
                  >
                    <div
                      class="MuiBox-root MuiBox-root-100 makeStyles-cellHeading-29"
                    >
                      $32,744.40
                    </div>
                    <div
                      class="MuiBox-root MuiBox-root-101 makeStyles-cellSubheading-30"
                    >
                      0 BTC
                    </div>
                  </div>
                </td>
                <td
                  class="MuiTableCell-root MuiTableCell-body MuiTableCell-alignRight"
                >
                  <div
                    class="MuiBox-root MuiBox-root-102"
                  >
                    <div
                      class="MuiBox-root MuiBox-root-103 makeStyles-cellHeading-29"
                    >
                      $0.04
                    </div>
                    <div
                      class="MuiBox-root MuiBox-root-104 makeStyles-cellSubheading-30"
                    >
                      $1,416.64
                    </div>
                  </div>
                </td>
              </tr>
              <tr
                class="MuiTableRow-root makeStyles-tableBodyRow-26"
              >
                <td
                  class="MuiTableCell-root MuiTableCell-body MuiTableCell-alignLeft"
                >
                  <div
                    class="MuiBox-root MuiBox-root-105"
                  >
                    <div
                      class="MuiBox-root MuiBox-root-106 makeStyles-cellHeading-29"
                    >
                      SLP-DIGG-WBTC
                    </div>
                    <div
                      class="MuiBox-root MuiBox-root-107 makeStyles-cellSubheading-30"
                    >
                      $0.00
                    </div>
                  </div>
                </td>
                <td
                  class="MuiTableCell-root MuiTableCell-body MuiTableCell-alignCenter"
                >
                  <div
                    class="MuiBox-root MuiBox-root-108"
                  >
                    0%
                  </div>
                </td>
                <td
                  class="MuiTableCell-root MuiTableCell-body MuiTableCell-alignRight"
                >
                  <div
                    class="MuiBox-root MuiBox-root-109"
                  >
                    <div
                      class="MuiBox-root MuiBox-root-110 makeStyles-cellHeading-29"
                    >
                      $0.00
                    </div>
                    <div
                      class="MuiBox-root MuiBox-root-111 makeStyles-cellSubheading-30"
                    >
                      0 BTC
                    </div>
                  </div>
                </td>
                <td
                  class="MuiTableCell-root MuiTableCell-body MuiTableCell-alignRight"
                >
                  <div
                    class="MuiBox-root MuiBox-root-112"
                  >
                    <div
                      class="MuiBox-root MuiBox-root-113 makeStyles-cellHeading-29"
                    >
                      $0.00
                    </div>
                    <div
                      class="MuiBox-root MuiBox-root-114 makeStyles-cellSubheading-30"
                    >
                      $0.00
                    </div>
                  </div>
                </td>
              </tr>
              <tr
                class="MuiTableRow-root makeStyles-tableBodyRow-26"
              >
                <td
                  class="MuiTableCell-root MuiTableCell-body MuiTableCell-alignLeft"
                >
                  <div
                    class="MuiBox-root MuiBox-root-115"
                  >
                    <div
                      class="MuiBox-root MuiBox-root-116 makeStyles-cellHeading-29"
                    >
                      SLP-IBBTC-WBTC
                    </div>
                    <div
                      class="MuiBox-root MuiBox-root-117 makeStyles-cellSubheading-30"
                    >
                      $0.00
                    </div>
                  </div>
                </td>
                <td
                  class="MuiTableCell-root MuiTableCell-body MuiTableCell-alignCenter"
                >
                  <div
                    class="MuiBox-root MuiBox-root-118"
                  >
                    0%
                  </div>
                </td>
                <td
                  class="MuiTableCell-root MuiTableCell-body MuiTableCell-alignRight"
                >
                  <div
                    class="MuiBox-root MuiBox-root-119"
                  >
                    <div
                      class="MuiBox-root MuiBox-root-120 makeStyles-cellHeading-29"
                    >
                      $0.00
                    </div>
                    <div
                      class="MuiBox-root MuiBox-root-121 makeStyles-cellSubheading-30"
                    >
                      0 BTC
                    </div>
                  </div>
                </td>
                <td
                  class="MuiTableCell-root MuiTableCell-body MuiTableCell-alignRight"
                >
                  <div
                    class="MuiBox-root MuiBox-root-122"
                  >
                    <div
                      class="MuiBox-root MuiBox-root-123 makeStyles-cellHeading-29"
                    >
                      $0.00
                    </div>
                    <div
                      class="MuiBox-root MuiBox-root-124 makeStyles-cellSubheading-30"
                    >
                      $0.00
                    </div>
                  </div>
                </td>
              </tr>
              <tr
                class="MuiTableRow-root makeStyles-tableBodyRow-26"
              >
                <td
                  class="MuiTableCell-root MuiTableCell-body MuiTableCell-alignLeft"
                >
                  <div
                    class="MuiBox-root MuiBox-root-125"
                  >
                    <div
                      class="MuiBox-root MuiBox-root-126 makeStyles-cellHeading-29"
                    >
                      crvhBTC
                    </div>
                    <div
                      class="MuiBox-root MuiBox-root-127 makeStyles-cellSubheading-30"
                    >
                      $63,348.21
                    </div>
                  </div>
                </td>
                <td
                  class="MuiTableCell-root MuiTableCell-body MuiTableCell-alignCenter"
                >
                  <div
                    class="MuiBox-root MuiBox-root-128"
                  >
                    13.04%
                  </div>
                </td>
                <td
                  class="MuiTableCell-root MuiTableCell-body MuiTableCell-alignRight"
                >
                  <div
                    class="MuiBox-root MuiBox-root-129"
                  >
                    <div
                      class="MuiBox-root MuiBox-root-130 makeStyles-cellHeading-29"
                    >
                      $31,880.01
                    </div>
                    <div
                      class="MuiBox-root MuiBox-root-131 makeStyles-cellSubheading-30"
                    >
                      0 BTC
                    </div>
                  </div>
                </td>
                <td
                  class="MuiTableCell-root MuiTableCell-body MuiTableCell-alignRight"
                >
                  <div
                    class="MuiBox-root MuiBox-root-132"
                  >
                    <div
                      class="MuiBox-root MuiBox-root-133 makeStyles-cellHeading-29"
                    >
                      $1.99
                    </div>
                    <div
                      class="MuiBox-root MuiBox-root-134 makeStyles-cellSubheading-30"
                    >
                      $63,348.21
                    </div>
                  </div>
                </td>
              </tr>
              <tr
                class="MuiTableRow-root makeStyles-tableBodyRow-26"
              >
                <td
                  class="MuiTableCell-root MuiTableCell-body MuiTableCell-alignLeft"
                >
                  <div
                    class="MuiBox-root MuiBox-root-135"
                  >
                    <div
                      class="MuiBox-root MuiBox-root-136 makeStyles-cellHeading-29"
                    >
                      crvtBTC
                    </div>
                    <div
                      class="MuiBox-root MuiBox-root-137 makeStyles-cellSubheading-30"
                    >
                      $0.00
                    </div>
                  </div>
                </td>
                <td
                  class="MuiTableCell-root MuiTableCell-body MuiTableCell-alignCenter"
                >
                  <div
                    class="MuiBox-root MuiBox-root-138"
                  >
                    0%
                  </div>
                </td>
                <td
                  class="MuiTableCell-root MuiTableCell-body MuiTableCell-alignRight"
                >
                  <div
                    class="MuiBox-root MuiBox-root-139"
                  >
                    <div
                      class="MuiBox-root MuiBox-root-140 makeStyles-cellHeading-29"
                    >
                      $0.00
                    </div>
                    <div
                      class="MuiBox-root MuiBox-root-141 makeStyles-cellSubheading-30"
                    >
                      0 BTC
                    </div>
                  </div>
                </td>
                <td
                  class="MuiTableCell-root MuiTableCell-body MuiTableCell-alignRight"
                >
                  <div
                    class="MuiBox-root MuiBox-root-142"
                  >
                    <div
                      class="MuiBox-root MuiBox-root-143 makeStyles-cellHeading-29"
                    >
                      $0.00
                    </div>
                    <div
                      class="MuiBox-root MuiBox-root-144 makeStyles-cellSubheading-30"
                    >
                      $0.00
                    </div>
                  </div>
                </td>
              </tr>
              <tr
                class="MuiTableRow-root makeStyles-tableBodyRow-26"
              >
                <td
                  class="MuiTableCell-root MuiTableCell-body MuiTableCell-alignLeft"
                >
                  <div
                    class="MuiBox-root MuiBox-root-145"
                  >
                    <div
                      class="MuiBox-root MuiBox-root-146 makeStyles-cellHeading-29"
                    >
                      crvTricrypto
                    </div>
                    <div
                      class="MuiBox-root MuiBox-root-147 makeStyles-cellSubheading-30"
                    >
                      $330,141.91
                    </div>
                  </div>
                </td>
                <td
                  class="MuiTableCell-root MuiTableCell-body MuiTableCell-alignCenter"
                >
                  <div
                    class="MuiBox-root MuiBox-root-148"
                  >
                    67.93%
                  </div>
                </td>
                <td
                  class="MuiTableCell-root MuiTableCell-body MuiTableCell-alignRight"
                >
                  <div
                    class="MuiBox-root MuiBox-root-149"
                  >
                    <div
                      class="MuiBox-root MuiBox-root-150 makeStyles-cellHeading-29"
                    >
                      $1,183.03
                    </div>
                    <div
                      class="MuiBox-root MuiBox-root-151 makeStyles-cellSubheading-30"
                    >
                      0 BTC
                    </div>
                  </div>
                </td>
                <td
                  class="MuiTableCell-root MuiTableCell-body MuiTableCell-alignRight"
                >
                  <div
                    class="MuiBox-root MuiBox-root-152"
                  >
                    <div
                      class="MuiBox-root MuiBox-root-153 makeStyles-cellHeading-29"
                    >
                      $279.06
                    </div>
                    <div
                      class="MuiBox-root MuiBox-root-154 makeStyles-cellSubheading-30"
                    >
                      $330,141.91
                    </div>
                  </div>
                </td>
              </tr>
              <tr
                class="MuiTableRow-root makeStyles-tableBodyRow-26"
              >
                <td
                  class="MuiTableCell-root MuiTableCell-body MuiTableCell-alignLeft"
                >
                  <div
                    class="MuiBox-root MuiBox-root-155"
                  >
                    <div
                      class="MuiBox-root MuiBox-root-156 makeStyles-cellHeading-29"
                    >
                      crvsBTC
                    </div>
                    <div
                      class="MuiBox-root MuiBox-root-157 makeStyles-cellSubheading-30"
                    >
                      $0.00
                    </div>
                  </div>
                </td>
                <td
                  class="MuiTableCell-root MuiTableCell-body MuiTableCell-alignCenter"
                >
                  <div
                    class="MuiBox-root MuiBox-root-158"
                  >
                    0%
                  </div>
                </td>
                <td
                  class="MuiTableCell-root MuiTableCell-body MuiTableCell-alignRight"
                >
                  <div
                    class="MuiBox-root MuiBox-root-159"
                  >
                    <div
                      class="MuiBox-root MuiBox-root-160 makeStyles-cellHeading-29"
                    >
                      $0.00
                    </div>
                    <div
                      class="MuiBox-root MuiBox-root-161 makeStyles-cellSubheading-30"
                    >
                      0 BTC
                    </div>
                  </div>
                </td>
                <td
                  class="MuiTableCell-root MuiTableCell-body MuiTableCell-alignRight"
                >
                  <div
                    class="MuiBox-root MuiBox-root-162"
                  >
                    <div
                      class="MuiBox-root MuiBox-root-163 makeStyles-cellHeading-29"
                    >
                      $0.00
                    </div>
                    <div
                      class="MuiBox-root MuiBox-root-164 makeStyles-cellSubheading-30"
                    >
                      $0.00
                    </div>
                  </div>
                </td>
              </tr>
            </tbody>
          </table>
        </div>
      </div>
    </div>
  </div>,
  "debug": [Function],
  "findAllByAltText": [Function],
  "findAllByDisplayValue": [Function],
  "findAllByLabelText": [Function],
  "findAllByPlaceholderText": [Function],
  "findAllByRole": [Function],
  "findAllByTestId": [Function],
  "findAllByText": [Function],
  "findAllByTitle": [Function],
  "findByAltText": [Function],
  "findByDisplayValue": [Function],
  "findByLabelText": [Function],
  "findByPlaceholderText": [Function],
  "findByRole": [Function],
  "findByTestId": [Function],
  "findByText": [Function],
  "findByTitle": [Function],
  "getAllByAltText": [Function],
  "getAllByDisplayValue": [Function],
  "getAllByLabelText": [Function],
  "getAllByPlaceholderText": [Function],
  "getAllByRole": [Function],
  "getAllByTestId": [Function],
  "getAllByText": [Function],
  "getAllByTitle": [Function],
  "getByAltText": [Function],
  "getByDisplayValue": [Function],
  "getByLabelText": [Function],
  "getByPlaceholderText": [Function],
  "getByRole": [Function],
  "getByTestId": [Function],
  "getByText": [Function],
  "getByTitle": [Function],
  "queryAllByAltText": [Function],
  "queryAllByDisplayValue": [Function],
  "queryAllByLabelText": [Function],
  "queryAllByPlaceholderText": [Function],
  "queryAllByRole": [Function],
  "queryAllByTestId": [Function],
  "queryAllByText": [Function],
  "queryAllByTitle": [Function],
  "queryByAltText": [Function],
  "queryByDisplayValue": [Function],
  "queryByLabelText": [Function],
  "queryByPlaceholderText": [Function],
  "queryByRole": [Function],
  "queryByTestId": [Function],
  "queryByText": [Function],
  "queryByTitle": [Function],
  "rerender": [Function],
  "unmount": [Function],
}
`;
